../Core/Src/main.c:70:6:delay	16	static
../Core/Src/main.c:89:6:HAL_TIM_IC_CaptureCallback	16	static
../Core/Src/main.c:126:6:HCSR04_Read	8	static
../Core/Src/main.c:141:5:main	8	static
../Core/Src/main.c:216:6:SystemClock_Config	88	static
../Core/Src/main.c:262:13:MX_ADC1_Init	24	static
../Core/Src/main.c:314:13:MX_CAN1_Init	48	static
../Core/Src/main.c:362:13:MX_TIM1_Init	32	static
../Core/Src/main.c:411:13:MX_GPIO_Init	48	static
../Core/Src/main.c:456:6:Error_Handler	4	static,ignoring_inline_asm
